File                       | File size      || Sys allocs     | Sys reallocs   || Arena allocs   | Arena reallocs 
---------------------------------------------------------------------------------------------------------------------------
checker.ts                 | 2.92 MB        ||            169 |              5 ||         152767 |          28331

App.tsx                    | 415.34 kB      ||             80 |              8 ||          17021 |           2736

RadixUIAdoptionSection.jsx | 2.52 kB        ||             24 |              0 ||             36 |              6

pdf.mjs                    | 567.30 kB      ||           2572 |            205 ||          47474 |           7778

antd.js                    | 6.69 MB        ||           1040 |             56 ||         336415 |          69126

binder.ts                  | 193.08 kB      ||             48 |              1 ||           7094 |            862

kitchen-sink.tsx           | 732.90 kB      ||           2068 |            172 ||          73091 |          12316

